This is XeTeX, Version 3.141592653-2.6-0.999997 (TeX Live 2025) (preloaded format=xelatex 2025.10.21)  9 SEP 2026 16:26
entering extended mode
 restricted \write18 enabled.
 %&-line parsing enabled.
**"document_maitre (1).tex"
(./document_maitre (1).tex
LaTeX2e <2025-06-01> patch level 1
L3 programming layer <2025-09-02>
(/usr/local/texlive/2025/texmf-dist/tex/latex/base/book.cls
Document Class: book 2025/01/22 v1.4n Standard LaTeX document class
(/usr/local/texlive/2025/texmf-dist/tex/latex/base/bk12.clo
File: bk12.clo 2025/01/22 v1.4n Standard LaTeX file (size option)
)
\c@part=\count271
\c@chapter=\count272
\c@section=\count273
\c@subsection=\count274
\c@subsubsection=\count275
\c@paragraph=\count276
\c@subparagraph=\count277
\c@figure=\count278
\c@table=\count279
\abovecaptionskip=\skip49
\belowcaptionskip=\skip50
\bibindent=\dimen148
)
(/usr/local/texlive/2025/texmf-dist/tex/latex/fontspec/fontspec.sty
(/usr/local/texlive/2025/texmf-dist/tex/latex/l3packages/xparse/xparse.sty
(/usr/local/texlive/2025/texmf-dist/tex/latex/l3kernel/expl3.sty
Package: expl3 2025-09-02 L3 programming layer (loader) 

(/usr/local/texlive/2025/texmf-dist/tex/latex/l3backend/l3backend-xetex.def
File: l3backend-xetex.def 2025-06-09 L3 backend support: XeTeX
\g__graphics_track_int=\count280
\g__pdfannot_backend_int=\count281
\g__pdfannot_backend_link_int=\count282
))
Package: xparse 2024-08-16 L3 Experimental document command parser
)
Package: fontspec 2025/09/29 v2.9g Font selection for XeLaTeX and LuaLaTeX

(/usr/local/texlive/2025/texmf-dist/tex/latex/fontspec/fontspec-xetex.sty
Package: fontspec-xetex 2025/09/29 v2.9g Font selection for XeLaTeX and LuaLaTe
X
\l__fontspec_script_int=\count283
\l__fontspec_language_int=\count284
\l__fontspec_strnum_int=\count285
\l__fontspec_tmp_int=\count286
\l__fontspec_tmpa_int=\count287
\l__fontspec_tmpb_int=\count288
\l__fontspec_tmpc_int=\count289
\l__fontspec_em_int=\count290
\l__fontspec_emdef_int=\count291
\l__fontspec_strong_int=\count292
\l__fontspec_strongdef_int=\count293
\l__fontspec_tmpa_dim=\dimen149
\l__fontspec_tmpb_dim=\dimen150
\l__fontspec_tmpc_dim=\dimen151

(/usr/local/texlive/2025/texmf-dist/tex/latex/base/fontenc.sty
Package: fontenc 2024/12/21 v2.1c Standard LaTeX package
)
(/usr/local/texlive/2025/texmf-dist/tex/latex/fontspec/fontspec.cfg)))
(/usr/local/texlive/2025/texmf-dist/tex/xelatex/xunicode/xunicode.sty
File: xunicode.sty 2011/09/09 v0.981 provides access to latin accents and many 
other characters in Unicode lower plane

(/usr/local/texlive/2025/texmf-dist/tex/latex/tipa/t3enc.def
File: t3enc.def 2001/12/31 T3 encoding
)
\tipaTiiicode=\count294
\tipasavetokens=\toks17
\tipachecktokens=\toks18
LaTeX Encoding Info:    Redeclaring text command \nobreakspace (encoding TU) on
 input line 1725.
LaTeX Encoding Info:    Redeclaring text command \copyright (encoding TU) on in
put line 1739.
LaTeX Encoding Info:    Redeclaring text command \AA (encoding TU) on input lin
e 1785.
LaTeX Encoding Info:    Redeclaring text command \aa (encoding TU) on input lin
e 1842.

(/usr/local/texlive/2025/texmf-dist/tex/latex/graphics/graphicx.sty
Package: graphicx 2024/12/31 v1.2e Enhanced LaTeX Graphics (DPC,SPQR)

(/usr/local/texlive/2025/texmf-dist/tex/latex/graphics/keyval.sty
Package: keyval 2022/05/29 v1.15 key=value parser (DPC)
\KV@toks@=\toks19
)
(/usr/local/texlive/2025/texmf-dist/tex/latex/graphics/graphics.sty
Package: graphics 2024/08/06 v1.4g Standard LaTeX Graphics (DPC,SPQR)

(/usr/local/texlive/2025/texmf-dist/tex/latex/graphics/trig.sty
Package: trig 2023/12/02 v1.11 sin cos tan (DPC)
)
(/usr/local/texlive/2025/texmf-dist/tex/latex/graphics-cfg/graphics.cfg
File: graphics.cfg 2016/06/04 v1.11 sample graphics configuration
)
Package graphics Info: Driver file: xetex.def on input line 106.

(/usr/local/texlive/2025/texmf-dist/tex/latex/graphics-def/xetex.def
File: xetex.def 2025/09/29 v5.0o Graphics/color driver for xetex
))
\Gin@req@height=\dimen152
\Gin@req@width=\dimen153
)
LaTeX Encoding Info:    Redeclaring text command \textrhookopeno (encoding TU) 
on input line 3119.
LaTeX Encoding Info:    Redeclaring text command \hbar (encoding TU) on input l
ine 3636.
LaTeX Encoding Info:    Redeclaring text command \textaolig (encoding TU) on in
put line 3729.
)
(/usr/local/texlive/2025/texmf-dist/tex/latex/polyglossia/polyglossia.sty
Package: polyglossia 2025/09/22 v2.8 Modern multilingual typesetting with XeLaT
eX and LuaLaTeX

(/usr/local/texlive/2025/texmf-dist/tex/latex/etoolbox/etoolbox.sty
Package: etoolbox 2025/10/02 v2.5m e-TeX tools for LaTeX (JAW)
\etb@tempcnta=\count295
)
(/usr/local/texlive/2025/texmf-dist/tex/generic/iftex/iftex.sty
Package: iftex 2024/12/12 v1.0g TeX engine tests
)
\l_xpg_alias_keyvals_int=\count296

(/usr/local/texlive/2025/texmf-dist/tex/latex/polyglossia/gloss-latex.ldf
File: gloss-latex.ldf polyglossia: module for default language
))
(/usr/local/texlive/2025/texmf-dist/tex/latex/polyglossia/gloss-french.ldf
File: gloss-french.ldf polyglossia: module for French
\french@openbrackets=\XeTeXcharclass1
\french@closebrackets=\XeTeXcharclass2
\french@questionexclamation=\XeTeXcharclass3
\french@punctthin=\XeTeXcharclass4
\french@punctthick=\XeTeXcharclass5
\french@punctguillstart=\XeTeXcharclass6
\french@punctguillend=\XeTeXcharclass7
)

Package polyglossia Info: Default language is french


(/usr/local/texlive/2025/texmf-dist/tex/latex/polyglossia/gloss-english.ldf
File: gloss-english.ldf polyglossia: module for English
)
(/usr/local/texlive/2025/texmf-dist/tex/latex/comment/comment.sty
\CommentStream=\write3

Excluding comment 'comment')
(/usr/local/texlive/2025/texmf-dist/tex/latex/csquotes/csquotes.sty
Package: csquotes 2024-04-04 v5.2o context-sensitive quotations (JAW)
\csq@reset=\count297
\csq@gtype=\count298
\csq@glevel=\count299
\csq@qlevel=\count300
\csq@maxlvl=\count301
\csq@tshold=\count302
\csq@ltx@everypar=\toks20

(/usr/local/texlive/2025/texmf-dist/tex/latex/csquotes/csquotes.def
File: csquotes.def 2024-04-04 v5.2o csquotes generic definitions (JAW)
)
Package csquotes Info: Trying to load configuration file 'csquotes.cfg'...
Package csquotes Info: ... configuration file loaded successfully.

(/usr/local/texlive/2025/texmf-dist/tex/latex/csquotes/csquotes.cfg
File: csquotes.cfg 
))
(/usr/local/texlive/2025/texmf-dist/tex/latex/lettrine/lettrine.sty
File: lettrine.sty 2025-01-30 v2.80 (Daniel Flipo)

(/usr/local/texlive/2025/texmf-dist/tex/latex/l3packages/xfp/xfp.sty
Package: xfp 2024-08-16 L3 Floating point unit
)
\c@DefaultLines=\count303
\c@DefaultDepth=\count304
\DefaultFindent=\dimen154
\DefaultNindent=\dimen155
\DefaultSlope=\dimen156
\DiscardVskip=\dimen157
\L@lettrine=\box53
\L@lbox=\box54
\L@tbox=\box55
\c@L@lines=\count305
\c@L@depth=\count306
\L@Pindent=\dimen158
\L@Findent=\dimen159
\L@Nindent=\dimen160
\L@lraise=\dimen161
\L@first=\dimen162
\L@next=\dimen163
\L@slope=\dimen164
\L@height=\dimen165
\L@novskip=\dimen166
\L@target@ht=\dimen167
\L@target@dp=\dimen168
\L@target@tht=\dimen169
\LettrineWidth=\dimen170
\LettrineHeight=\dimen171
\LettrineDepth=\dimen172
\L@finalht=\dimen173
\L@finaldp=\dimen174

Loading lettrine.cfg
(/usr/local/texlive/2025/texmf-dist/tex/latex/lettrine/lettrine.cfg)
\Lettrine@tweaks=\toks21
\Llist@everypar=\toks22
)
(/usr/local/texlive/2025/texmf-dist/tex/latex/pgf/frontendlayer/tikz.sty
(/usr/local/texlive/2025/texmf-dist/tex/latex/pgf/basiclayer/pgf.sty
(/usr/local/texlive/2025/texmf-dist/tex/latex/pgf/utilities/pgfrcs.sty
(/usr/local/texlive/2025/texmf-dist/tex/generic/pgf/utilities/pgfutil-common.te
x
\pgfutil@everybye=\toks23
\pgfutil@tempdima=\dimen175
\pgfutil@tempdimb=\dimen176
)
(/usr/local/texlive/2025/texmf-dist/tex/generic/pgf/utilities/pgfutil-latex.def
\pgfutil@abb=\box56
) (/usr/local/texlive/2025/texmf-dist/tex/generic/pgf/utilities/pgfrcs.code.tex
(/usr/local/texlive/2025/texmf-dist/tex/generic/pgf/pgf.revision.tex)
Package: pgfrcs 2025-08-29 v3.1.11a (3.1.11a)
))
Package: pgf 2025-08-29 v3.1.11a (3.1.11a)

(/usr/local/texlive/2025/texmf-dist/tex/latex/pgf/basiclayer/pgfcore.sty
(/usr/local/texlive/2025/texmf-dist/tex/latex/pgf/systemlayer/pgfsys.sty
(/usr/local/texlive/2025/texmf-dist/tex/generic/pgf/systemlayer/pgfsys.code.tex
Package: pgfsys 2025-08-29 v3.1.11a (3.1.11a)
(/usr/local/texlive/2025/texmf-dist/tex/generic/pgf/utilities/pgfkeys.code.tex
\pgfkeys@pathtoks=\toks24
\pgfkeys@temptoks=\toks25

(/usr/local/texlive/2025/texmf-dist/tex/generic/pgf/utilities/pgfkeyslibraryfil
tered.code.tex
\pgfkeys@tmptoks=\toks26
))
\pgf@x=\dimen177
\pgf@y=\dimen178
\pgf@xa=\dimen179
\pgf@ya=\dimen180
\pgf@xb=\dimen181
\pgf@yb=\dimen182
\pgf@xc=\dimen183
\pgf@yc=\dimen184
\pgf@xd=\dimen185
\pgf@yd=\dimen186
\w@pgf@writea=\write4
\r@pgf@reada=\read2
\c@pgf@counta=\count307
\c@pgf@countb=\count308
\c@pgf@countc=\count309
\c@pgf@countd=\count310
\t@pgf@toka=\toks27
\t@pgf@tokb=\toks28
\t@pgf@tokc=\toks29
\pgf@sys@id@count=\count311

(/usr/local/texlive/2025/texmf-dist/tex/generic/pgf/systemlayer/pgf.cfg
File: pgf.cfg 2025-08-29 v3.1.11a (3.1.11a)
)
Driver file for pgf: pgfsys-xetex.def

(/usr/local/texlive/2025/texmf-dist/tex/generic/pgf/systemlayer/pgfsys-xetex.de
f
File: pgfsys-xetex.def 2025-08-29 v3.1.11a (3.1.11a)

(/usr/local/texlive/2025/texmf-dist/tex/generic/pgf/systemlayer/pgfsys-dvipdfmx
.def
File: pgfsys-dvipdfmx.def 2025-08-29 v3.1.11a (3.1.11a)

(/usr/local/texlive/2025/texmf-dist/tex/generic/pgf/systemlayer/pgfsys-common-p
df.def
File: pgfsys-common-pdf.def 2025-08-29 v3.1.11a (3.1.11a)
)
\pgfsys@objnum=\count312
)))
(/usr/local/texlive/2025/texmf-dist/tex/generic/pgf/systemlayer/pgfsyssoftpath.
code.tex
File: pgfsyssoftpath.code.tex 2025-08-29 v3.1.11a (3.1.11a)
\pgfsyssoftpath@smallbuffer@items=\count313
\pgfsyssoftpath@bigbuffer@items=\count314
)
(/usr/local/texlive/2025/texmf-dist/tex/generic/pgf/systemlayer/pgfsysprotocol.
code.tex
File: pgfsysprotocol.code.tex 2025-08-29 v3.1.11a (3.1.11a)
)) (/usr/local/texlive/2025/texmf-dist/tex/latex/xcolor/xcolor.sty
Package: xcolor 2024/09/29 v3.02 LaTeX color extensions (UK)

(/usr/local/texlive/2025/texmf-dist/tex/latex/graphics-cfg/color.cfg
File: color.cfg 2016/01/02 v1.6 sample color configuration
)
Package xcolor Info: Driver file: xetex.def on input line 274.

(/usr/local/texlive/2025/texmf-dist/tex/latex/graphics/mathcolor.ltx)
Package xcolor Info: Model `cmy' substituted by `cmy0' on input line 1349.
Package xcolor Info: Model `RGB' extended on input line 1365.
Package xcolor Info: Model `HTML' substituted by `rgb' on input line 1367.
Package xcolor Info: Model `Hsb' substituted by `hsb' on input line 1368.
Package xcolor Info: Model `tHsb' substituted by `hsb' on input line 1369.
Package xcolor Info: Model `HSB' substituted by `hsb' on input line 1370.
Package xcolor Info: Model `Gray' substituted by `gray' on input line 1371.
Package xcolor Info: Model `wave' substituted by `hsb' on input line 1372.
)
(/usr/local/texlive/2025/texmf-dist/tex/generic/pgf/basiclayer/pgfcore.code.tex
Package: pgfcore 2025-08-29 v3.1.11a (3.1.11a)
(/usr/local/texlive/2025/texmf-dist/tex/generic/pgf/math/pgfmath.code.tex
(/usr/local/texlive/2025/texmf-dist/tex/generic/pgf/math/pgfmathutil.code.tex)
(/usr/local/texlive/2025/texmf-dist/tex/generic/pgf/math/pgfmathparser.code.tex
\pgfmath@dimen=\dimen187
\pgfmath@count=\count315
\pgfmath@box=\box57
\pgfmath@toks=\toks30
\pgfmath@stack@operand=\toks31
\pgfmath@stack@operation=\toks32
)
(/usr/local/texlive/2025/texmf-dist/tex/generic/pgf/math/pgfmathfunctions.code.
tex)
(/usr/local/texlive/2025/texmf-dist/tex/generic/pgf/math/pgfmathfunctions.basic
.code.tex)
(/usr/local/texlive/2025/texmf-dist/tex/generic/pgf/math/pgfmathfunctions.trigo
nometric.code.tex)
(/usr/local/texlive/2025/texmf-dist/tex/generic/pgf/math/pgfmathfunctions.rando
m.code.tex)
(/usr/local/texlive/2025/texmf-dist/tex/generic/pgf/math/pgfmathfunctions.compa
rison.code.tex)
(/usr/local/texlive/2025/texmf-dist/tex/generic/pgf/math/pgfmathfunctions.base.
code.tex)
(/usr/local/texlive/2025/texmf-dist/tex/generic/pgf/math/pgfmathfunctions.round
.code.tex)
(/usr/local/texlive/2025/texmf-dist/tex/generic/pgf/math/pgfmathfunctions.misc.
code.tex)
(/usr/local/texlive/2025/texmf-dist/tex/generic/pgf/math/pgfmathfunctions.integ
erarithmetics.code.tex)
(/usr/local/texlive/2025/texmf-dist/tex/generic/pgf/math/pgfmathcalc.code.tex)
(/usr/local/texlive/2025/texmf-dist/tex/generic/pgf/math/pgfmathfloat.code.tex
\c@pgfmathroundto@lastzeros=\count316
)) (/usr/local/texlive/2025/texmf-dist/tex/generic/pgf/math/pgfint.code.tex)
(/usr/local/texlive/2025/texmf-dist/tex/generic/pgf/basiclayer/pgfcorepoints.co
de.tex
File: pgfcorepoints.code.tex 2025-08-29 v3.1.11a (3.1.11a)
\pgf@picminx=\dimen188
\pgf@picmaxx=\dimen189
\pgf@picminy=\dimen190
\pgf@picmaxy=\dimen191
\pgf@pathminx=\dimen192
\pgf@pathmaxx=\dimen193
\pgf@pathminy=\dimen194
\pgf@pathmaxy=\dimen195
\pgf@xx=\dimen196
\pgf@xy=\dimen197
\pgf@yx=\dimen198
\pgf@yy=\dimen199
\pgf@zx=\dimen256
\pgf@zy=\dimen257
)
(/usr/local/texlive/2025/texmf-dist/tex/generic/pgf/basiclayer/pgfcorepathconst
ruct.code.tex
File: pgfcorepathconstruct.code.tex 2025-08-29 v3.1.11a (3.1.11a)
\pgf@path@lastx=\dimen258
\pgf@path@lasty=\dimen259
)
(/usr/local/texlive/2025/texmf-dist/tex/generic/pgf/basiclayer/pgfcorepathusage
.code.tex
File: pgfcorepathusage.code.tex 2025-08-29 v3.1.11a (3.1.11a)
\pgf@shorten@end@additional=\dimen260
\pgf@shorten@start@additional=\dimen261
)
(/usr/local/texlive/2025/texmf-dist/tex/generic/pgf/basiclayer/pgfcorescopes.co
de.tex
File: pgfcorescopes.code.tex 2025-08-29 v3.1.11a (3.1.11a)
\pgfpic=\box58
\pgf@hbox=\box59
\pgf@layerbox@main=\box60
\pgf@picture@serial@count=\count317
)
(/usr/local/texlive/2025/texmf-dist/tex/generic/pgf/basiclayer/pgfcoregraphicst
ate.code.tex
File: pgfcoregraphicstate.code.tex 2025-08-29 v3.1.11a (3.1.11a)
\pgflinewidth=\dimen262
)
(/usr/local/texlive/2025/texmf-dist/tex/generic/pgf/basiclayer/pgfcoretransform
ations.code.tex
File: pgfcoretransformations.code.tex 2025-08-29 v3.1.11a (3.1.11a)
\pgf@pt@x=\dimen263
\pgf@pt@y=\dimen264
\pgf@pt@temp=\dimen265
)
(/usr/local/texlive/2025/texmf-dist/tex/generic/pgf/basiclayer/pgfcorequick.cod
e.tex
File: pgfcorequick.code.tex 2025-08-29 v3.1.11a (3.1.11a)
)
(/usr/local/texlive/2025/texmf-dist/tex/generic/pgf/basiclayer/pgfcoreobjects.c
ode.tex
File: pgfcoreobjects.code.tex 2025-08-29 v3.1.11a (3.1.11a)
)
(/usr/local/texlive/2025/texmf-dist/tex/generic/pgf/basiclayer/pgfcorepathproce
ssing.code.tex
File: pgfcorepathprocessing.code.tex 2025-08-29 v3.1.11a (3.1.11a)
)
(/usr/local/texlive/2025/texmf-dist/tex/generic/pgf/basiclayer/pgfcorearrows.co
de.tex
File: pgfcorearrows.code.tex 2025-08-29 v3.1.11a (3.1.11a)
\pgfarrowsep=\dimen266
)
(/usr/local/texlive/2025/texmf-dist/tex/generic/pgf/basiclayer/pgfcoreshade.cod
e.tex
File: pgfcoreshade.code.tex 2025-08-29 v3.1.11a (3.1.11a)
\pgf@max=\dimen267
\pgf@sys@shading@range@num=\count318
\pgf@shadingcount=\count319
)
(/usr/local/texlive/2025/texmf-dist/tex/generic/pgf/basiclayer/pgfcoreimage.cod
e.tex
File: pgfcoreimage.code.tex 2025-08-29 v3.1.11a (3.1.11a)
)
(/usr/local/texlive/2025/texmf-dist/tex/generic/pgf/basiclayer/pgfcoreexternal.
code.tex
File: pgfcoreexternal.code.tex 2025-08-29 v3.1.11a (3.1.11a)
\pgfexternal@startupbox=\box61
)
(/usr/local/texlive/2025/texmf-dist/tex/generic/pgf/basiclayer/pgfcorelayers.co
de.tex
File: pgfcorelayers.code.tex 2025-08-29 v3.1.11a (3.1.11a)
)
(/usr/local/texlive/2025/texmf-dist/tex/generic/pgf/basiclayer/pgfcoretranspare
ncy.code.tex
File: pgfcoretransparency.code.tex 2025-08-29 v3.1.11a (3.1.11a)
)
(/usr/local/texlive/2025/texmf-dist/tex/generic/pgf/basiclayer/pgfcorepatterns.
code.tex
File: pgfcorepatterns.code.tex 2025-08-29 v3.1.11a (3.1.11a)
)
(/usr/local/texlive/2025/texmf-dist/tex/generic/pgf/basiclayer/pgfcorerdf.code.
tex
File: pgfcorerdf.code.tex 2025-08-29 v3.1.11a (3.1.11a)
)))
(/usr/local/texlive/2025/texmf-dist/tex/generic/pgf/modules/pgfmoduleshapes.cod
e.tex
File: pgfmoduleshapes.code.tex 2025-08-29 v3.1.11a (3.1.11a)
\pgfnodeparttextbox=\box62
)
(/usr/local/texlive/2025/texmf-dist/tex/generic/pgf/modules/pgfmoduleplot.code.
tex
File: pgfmoduleplot.code.tex 2025-08-29 v3.1.11a (3.1.11a)
)
(/usr/local/texlive/2025/texmf-dist/tex/latex/pgf/compatibility/pgfcomp-version
-0-65.sty
Package: pgfcomp-version-0-65 2025-08-29 v3.1.11a (3.1.11a)
\pgf@nodesepstart=\dimen268
\pgf@nodesepend=\dimen269
)
(/usr/local/texlive/2025/texmf-dist/tex/latex/pgf/compatibility/pgfcomp-version
-1-18.sty
Package: pgfcomp-version-1-18 2025-08-29 v3.1.11a (3.1.11a)
))
(/usr/local/texlive/2025/texmf-dist/tex/latex/pgf/utilities/pgffor.sty
(/usr/local/texlive/2025/texmf-dist/tex/latex/pgf/utilities/pgfkeys.sty
(/usr/local/texlive/2025/texmf-dist/tex/generic/pgf/utilities/pgfkeys.code.tex)
) (/usr/local/texlive/2025/texmf-dist/tex/latex/pgf/math/pgfmath.sty
(/usr/local/texlive/2025/texmf-dist/tex/generic/pgf/math/pgfmath.code.tex))
(/usr/local/texlive/2025/texmf-dist/tex/generic/pgf/utilities/pgffor.code.tex
Package: pgffor 2025-08-29 v3.1.11a (3.1.11a)
\pgffor@iter=\dimen270
\pgffor@skip=\dimen271
\pgffor@stack=\toks33
\pgffor@toks=\toks34
))
(/usr/local/texlive/2025/texmf-dist/tex/generic/pgf/frontendlayer/tikz/tikz.cod
e.tex
Package: tikz 2025-08-29 v3.1.11a (3.1.11a)

(/usr/local/texlive/2025/texmf-dist/tex/generic/pgf/libraries/pgflibraryplothan
dlers.code.tex
File: pgflibraryplothandlers.code.tex 2025-08-29 v3.1.11a (3.1.11a)
\pgf@plot@mark@count=\count320
\pgfplotmarksize=\dimen272
)
\tikz@lastx=\dimen273
\tikz@lasty=\dimen274
\tikz@lastxsaved=\dimen275
\tikz@lastysaved=\dimen276
\tikz@lastmovetox=\dimen277
\tikz@lastmovetoy=\dimen278
\tikzleveldistance=\dimen279
\tikzsiblingdistance=\dimen280
\tikz@figbox=\box63
\tikz@figbox@bg=\box64
\tikz@tempbox=\box65
\tikz@tempbox@bg=\box66
\tikztreelevel=\count321
\tikznumberofchildren=\count322
\tikznumberofcurrentchild=\count323
\tikz@fig@count=\count324

(/usr/local/texlive/2025/texmf-dist/tex/generic/pgf/modules/pgfmodulematrix.cod
e.tex
File: pgfmodulematrix.code.tex 2025-08-29 v3.1.11a (3.1.11a)
\pgfmatrixcurrentrow=\count325
\pgfmatrixcurrentcolumn=\count326
\pgf@matrix@numberofcolumns=\count327
)
\tikz@expandcount=\count328

(/usr/local/texlive/2025/texmf-dist/tex/generic/pgf/frontendlayer/tikz/librarie
s/tikzlibrarytopaths.code.tex
File: tikzlibrarytopaths.code.tex 2025-08-29 v3.1.11a (3.1.11a)
)))
(/usr/local/texlive/2025/texmf-dist/tex/generic/pgf/frontendlayer/tikz/librarie
s/tikzlibraryshapes.geometric.code.tex
File: tikzlibraryshapes.geometric.code.tex 2025-08-29 v3.1.11a (3.1.11a)

(/usr/local/texlive/2025/texmf-dist/tex/generic/pgf/libraries/shapes/pgflibrary
shapes.geometric.code.tex
File: pgflibraryshapes.geometric.code.tex 2025-08-29 v3.1.11a (3.1.11a)
))
(/usr/local/texlive/2025/texmf-dist/tex/generic/pgf/libraries/pgflibraryarrows.
meta.code.tex
File: pgflibraryarrows.meta.code.tex 2025-08-29 v3.1.11a (3.1.11a)
\pgfarrowinset=\dimen281
\pgfarrowlength=\dimen282
\pgfarrowwidth=\dimen283
\pgfarrowlinewidth=\dimen284
)
(/usr/local/texlive/2025/texmf-dist/tex/generic/pgf/frontendlayer/tikz/librarie
s/tikzlibrarypositioning.code.tex
File: tikzlibrarypositioning.code.tex 2025-08-29 v3.1.11a (3.1.11a)
)
(/usr/local/texlive/2025/texmf-dist/tex/generic/pgf/frontendlayer/tikz/librarie
s/tikzlibraryfit.code.tex
File: tikzlibraryfit.code.tex 2025-08-29 v3.1.11a (3.1.11a)
)
(/usr/local/texlive/2025/texmf-dist/tex/generic/pgf/frontendlayer/tikz/librarie
s/tikzlibrarybackgrounds.code.tex
File: tikzlibrarybackgrounds.code.tex 2025-08-29 v3.1.11a (3.1.11a)
\pgf@layerbox@background=\box67
\pgf@layerboxsaved@background=\box68
)
(/usr/local/texlive/2025/texmf-dist/tex/generic/pgf/frontendlayer/tikz/librarie
s/tikzlibrarycalc.code.tex
File: tikzlibrarycalc.code.tex 2025-08-29 v3.1.11a (3.1.11a)
)
(/usr/local/texlive/2025/texmf-dist/tex/latex/biblatex/biblatex.sty
Package: biblatex 2025/07/10 v3.21 programmable bibliographies (PK/MW)

(/usr/local/texlive/2025/texmf-dist/tex/generic/pdftexcmds/pdftexcmds.sty
Package: pdftexcmds 2020-06-27 v0.33 Utility functions of pdfTeX for LuaTeX (HO
)

(/usr/local/texlive/2025/texmf-dist/tex/generic/infwarerr/infwarerr.sty
Package: infwarerr 2019/12/03 v1.5 Providing info/warning/error messages (HO)
)
(/usr/local/texlive/2025/texmf-dist/tex/generic/ltxcmds/ltxcmds.sty
Package: ltxcmds 2023-12-04 v1.26 LaTeX kernel commands for general use (HO)
)
Package pdftexcmds Info: \pdf@primitive is available.
Package pdftexcmds Info: \pdf@ifprimitive is available.
Package pdftexcmds Info: \pdfdraftmode not found.
)
(/usr/local/texlive/2025/texmf-dist/tex/latex/kvoptions/kvoptions.sty
Package: kvoptions 2022-06-15 v3.15 Key value format for package options (HO)

(/usr/local/texlive/2025/texmf-dist/tex/latex/kvsetkeys/kvsetkeys.sty
Package: kvsetkeys 2022-10-05 v1.19 Key value parser (HO)
))
(/usr/local/texlive/2025/texmf-dist/tex/latex/logreq/logreq.sty
Package: logreq 2010/08/04 v1.0 xml request logger
\lrq@indent=\count329

(/usr/local/texlive/2025/texmf-dist/tex/latex/logreq/logreq.def
File: logreq.def 2010/08/04 v1.0 logreq spec v1.0
))
(/usr/local/texlive/2025/texmf-dist/tex/latex/base/ifthen.sty
Package: ifthen 2024/03/16 v1.1e Standard LaTeX ifthen package (DPC)
)
(/usr/local/texlive/2025/texmf-dist/tex/latex/url/url.sty
\Urlmuskip=\muskip17
Package: url 2013/09/16  ver 3.4  Verb mode for urls, etc.
)
\c@tabx@nest=\count330
\c@listtotal=\count331
\c@listcount=\count332
\c@liststart=\count333
\c@liststop=\count334
\c@citecount=\count335
\c@citetotal=\count336
\c@multicitecount=\count337
\c@multicitetotal=\count338
\c@instcount=\count339
\c@maxnames=\count340
\c@minnames=\count341
\c@maxitems=\count342
\c@minitems=\count343
\c@citecounter=\count344
\c@maxcitecounter=\count345
\c@savedcitecounter=\count346
\c@uniquelist=\count347
\c@uniquename=\count348
\c@refsection=\count349
\c@refsegment=\count350
\c@maxextratitle=\count351
\c@maxextratitleyear=\count352
\c@maxextraname=\count353
\c@maxextradate=\count354
\c@maxextraalpha=\count355
\c@abbrvpenalty=\count356
\c@highnamepenalty=\count357
\c@lownamepenalty=\count358
\c@maxparens=\count359
\c@parenlevel=\count360
\blx@tempcnta=\count361
\blx@tempcntb=\count362
\blx@tempcntc=\count363
\c@blx@maxsection=\count364
\blx@maxsegment@0=\count365
\blx@notetype=\count366
\blx@parenlevel@text=\count367
\blx@parenlevel@foot=\count368
\blx@sectionciteorder@0=\count369
\blx@sectionciteorderinternal@0=\count370
\blx@entrysetcounter=\count371
\blx@biblioinstance=\count372
\labelnumberwidth=\skip51
\labelalphawidth=\skip52
\biblabelsep=\skip53
\bibitemsep=\skip54
\bibnamesep=\skip55
\bibinitsep=\skip56
\bibparsep=\skip57
\bibhang=\skip58
\blx@bcfin=\read3
\blx@bcfout=\write5
\blx@langwohyphens=\language90
\c@mincomprange=\count373
\c@maxcomprange=\count374
\c@mincompwidth=\count375
Package biblatex Info: Trying to load biblatex default data model...
Package biblatex Info: ... file 'blx-dm.def' found.

(/usr/local/texlive/2025/texmf-dist/tex/latex/biblatex/blx-dm.def
File: blx-dm.def 2025/07/10 v3.21 biblatex datamodel (PK/MW)
)
Package biblatex Info: Trying to load biblatex style data model...
Package biblatex Info: ... file 'enc.dbx' not found.
Package biblatex Info: Trying to load biblatex custom data model...
Package biblatex Info: ... file 'biblatex-dm.cfg' not found.
\c@afterword=\count376
\c@savedafterword=\count377
\c@annotator=\count378
\c@savedannotator=\count379
\c@author=\count380
\c@savedauthor=\count381
\c@bookauthor=\count382
\c@savedbookauthor=\count383
\c@commentator=\count384
\c@savedcommentator=\count385
\c@editor=\count386
\c@savededitor=\count387
\c@editora=\count388
\c@savededitora=\count389
\c@editorb=\count390
\c@savededitorb=\count391
\c@editorc=\count392
\c@savededitorc=\count393
\c@foreword=\count394
\c@savedforeword=\count395
\c@holder=\count396
\c@savedholder=\count397
\c@introduction=\count398
\c@savedintroduction=\count399
\c@namea=\count400
\c@savednamea=\count401
\c@nameb=\count402
\c@savednameb=\count403
\c@namec=\count404
\c@savednamec=\count405
\c@translator=\count406
\c@savedtranslator=\count407
\c@shortauthor=\count408
\c@savedshortauthor=\count409
\c@shorteditor=\count410
\c@savedshorteditor=\count411
\c@labelname=\count412
\c@savedlabelname=\count413
\c@institution=\count414
\c@savedinstitution=\count415
\c@lista=\count416
\c@savedlista=\count417
\c@listb=\count418
\c@savedlistb=\count419
\c@listc=\count420
\c@savedlistc=\count421
\c@listd=\count422
\c@savedlistd=\count423
\c@liste=\count424
\c@savedliste=\count425
\c@listf=\count426
\c@savedlistf=\count427
\c@location=\count428
\c@savedlocation=\count429
\c@organization=\count430
\c@savedorganization=\count431
\c@origlocation=\count432
\c@savedoriglocation=\count433
\c@origpublisher=\count434
\c@savedorigpublisher=\count435
\c@publisher=\count436
\c@savedpublisher=\count437
\c@language=\count438
\c@savedlanguage=\count439
\c@origlanguage=\count440
\c@savedoriglanguage=\count441
\c@pageref=\count442
\c@savedpageref=\count443
\shorthandwidth=\skip59
\shortjournalwidth=\skip60
\shortserieswidth=\skip61
\shorttitlewidth=\skip62
\shortauthorwidth=\skip63
\shorteditorwidth=\skip64
\locallabelnumberwidth=\skip65
\locallabelalphawidth=\skip66
\localshorthandwidth=\skip67
\localshortjournalwidth=\skip68
\localshortserieswidth=\skip69
\localshorttitlewidth=\skip70
\localshortauthorwidth=\skip71
\localshorteditorwidth=\skip72
Package biblatex Info: Trying to load enhanced support for Unicode engines...
Package biblatex Info: ... file 'blx-unicode.def' found.

(/usr/local/texlive/2025/texmf-dist/tex/latex/biblatex/blx-unicode.def)
Package biblatex Info: Trying to load compatibility code...
Package biblatex Info: ... file 'blx-compat.def' found.

(/usr/local/texlive/2025/texmf-dist/tex/latex/biblatex/blx-compat.def
File: blx-compat.def 2025/07/10 v3.21 biblatex compatibility (PK/MW)
)
Package biblatex Info: Trying to load generic definitions...
Package biblatex Info: ... file 'biblatex.def' found.

(/usr/local/texlive/2025/texmf-dist/tex/latex/biblatex/biblatex.def
File: biblatex.def 2025/07/10 v3.21 biblatex compatibility (PK/MW)
\c@textcitecount=\count444
\c@textcitetotal=\count445
\c@textcitemaxnames=\count446
\c@biburlbigbreakpenalty=\count447
\c@biburlbreakpenalty=\count448
\c@biburlnumpenalty=\count449
\c@biburlucpenalty=\count450
\c@biburllcpenalty=\count451
\biburlbigskip=\muskip18
\biburlnumskip=\muskip19
\biburlucskip=\muskip20
\biburllcskip=\muskip21
\c@smartand=\count452
)
Package biblatex Info: Trying to load bibliography style 'enc'...
Package biblatex Info: ... file 'enc.bbx' found.

(/usr/local/texlive/2025/texmf-dist/tex/latex/biblatex-enc/enc.bbx
File: enc.bbx 
)
Package biblatex Info: Trying to load citation style 'enc'...
Package biblatex Info: ... file 'enc.cbx' found.

(/usr/local/texlive/2025/texmf-dist/tex/latex/biblatex-enc/enc.cbx
File: enc.cbx 
Package biblatex Info: Redefining '\cite'.
Package biblatex Info: Redefining '\textcite'.
Package biblatex Info: Redefining '\parencite'.
Package biblatex Info: Redefining '\footcite'.
Package biblatex Info: Redefining '\smartcites'.
Package biblatex Info: Redefining '\smartcite'.
)
Package biblatex Info: Trying to load configuration file...
Package biblatex Info: ... file 'biblatex.cfg' found.

(/usr/local/texlive/2025/texmf-dist/tex/latex/biblatex/biblatex.cfg
File: biblatex.cfg 
)
Package biblatex Info: XeTeX detected.
(biblatex)             Assuming input encoding 'utf8'.
Package biblatex Info: Document encoding is UTF8 ....
Package biblatex Info: ... and expl3
(biblatex)             2025-09-02 L3 programming layer (loader) 
(biblatex)             is new enough (at least 2020/04/06),
(biblatex)             setting 'casechanger=expl3'.

(/usr/local/texlive/2025/texmf-dist/tex/latex/biblatex/blx-case-expl3.sty
Package: blx-case-expl3 2025/07/10 v3.21 expl3 case changing code for biblatex
))
(/usr/local/texlive/2025/texmf-dist/tex/latex/float/float.sty
Package: float 2001/11/08 v1.3d Float enhancements (AL)
\c@float@type=\count453
\float@exts=\toks35
\float@box=\box69
\@float@everytoks=\toks36
\@floatcapt=\box70
)
(/usr/local/texlive/2025/texmf-dist/tex/latex/multirow/multirow.sty
Package: multirow 2024/11/12 v2.9 Span multiple rows of a table
\multirow@colwidth=\skip73
\multirow@cntb=\count454
\multirow@dima=\skip74
\bigstrutjot=\dimen285
)
(/usr/local/texlive/2025/texmf-dist/tex/latex/tools/array.sty
Package: array 2025/06/08 v2.6j Tabular extension package (FMi)
\col@sep=\dimen286
\ar@mcellbox=\box71
\extrarowheight=\dimen287
\NC@list=\toks37
\extratabsurround=\skip75
\backup@length=\skip76
\ar@cellbox=\box72
)
(/usr/local/texlive/2025/texmf-dist/tex/latex/caption/caption.sty
Package: caption 2023/08/05 v3.6o Customizing captions (AR)

(/usr/local/texlive/2025/texmf-dist/tex/latex/caption/caption3.sty
Package: caption3 2023/07/31 v2.4d caption3 kernel (AR)
\caption@tempdima=\dimen288
\captionmargin=\dimen289
\caption@leftmargin=\dimen290
\caption@rightmargin=\dimen291
\caption@width=\dimen292
\caption@indent=\dimen293
\caption@parindent=\dimen294
\caption@hangindent=\dimen295
Package caption Info: Standard document class detected.
)
\c@caption@flags=\count455
\c@continuedfloat=\count456
Package caption Info: float package is loaded.
)
(/usr/local/texlive/2025/texmf-dist/tex/latex/amsmath/amsmath.sty
Package: amsmath 2025/06/16 v2.17y AMS math features
\@mathmargin=\skip77

For additional information on amsmath, use the `?' option.
(/usr/local/texlive/2025/texmf-dist/tex/latex/amsmath/amstext.sty
Package: amstext 2024/11/17 v2.01 AMS text

(/usr/local/texlive/2025/texmf-dist/tex/latex/amsmath/amsgen.sty
File: amsgen.sty 1999/11/30 v2.0 generic functions
\@emptytoks=\toks38
\ex@=\dimen296
))
(/usr/local/texlive/2025/texmf-dist/tex/latex/amsmath/amsbsy.sty
Package: amsbsy 1999/11/29 v1.2d Bold Symbols
\pmbraise@=\dimen297
)
(/usr/local/texlive/2025/texmf-dist/tex/latex/amsmath/amsopn.sty
Package: amsopn 2022/04/08 v2.04 operator names
)
\inf@bad=\count457
LaTeX Info: Redefining \frac on input line 233.
\uproot@=\count458
\leftroot@=\count459
LaTeX Info: Redefining \overline on input line 398.
LaTeX Info: Redefining \colon on input line 409.
\classnum@=\count460
\DOTSCASE@=\count461
LaTeX Info: Redefining \ldots on input line 495.
LaTeX Info: Redefining \dots on input line 498.
LaTeX Info: Redefining \cdots on input line 619.
\Mathstrutbox@=\box73
\strutbox@=\box74
LaTeX Info: Redefining \big on input line 721.
LaTeX Info: Redefining \Big on input line 722.
LaTeX Info: Redefining \bigg on input line 723.
LaTeX Info: Redefining \Bigg on input line 724.
\big@size=\dimen298
LaTeX Font Info:    Redeclaring font encoding OML on input line 742.
LaTeX Font Info:    Redeclaring font encoding OMS on input line 743.
\macc@depth=\count462
LaTeX Info: Redefining \bmod on input line 904.
LaTeX Info: Redefining \pmod on input line 909.
LaTeX Info: Redefining \smash on input line 939.
LaTeX Info: Redefining \relbar on input line 969.
LaTeX Info: Redefining \Relbar on input line 970.
\c@MaxMatrixCols=\count463
\dotsspace@=\muskip22
\c@parentequation=\count464
\dspbrk@lvl=\count465
\tag@help=\toks39
\row@=\count466
\column@=\count467
\maxfields@=\count468
\andhelp@=\toks40
\eqnshift@=\dimen299
\alignsep@=\dimen300
\tagshift@=\dimen301
\tagwidth@=\dimen302
\totwidth@=\dimen303
\lineht@=\dimen304
\@envbody=\toks41
\multlinegap=\skip78
\multlinetaggap=\skip79
\mathdisplay@stack=\toks42
LaTeX Info: Redefining \[ on input line 2949.
LaTeX Info: Redefining \] on input line 2950.
)
(/usr/local/texlive/2025/texmf-dist/tex/latex/geometry/geometry.sty
Package: geometry 2020/01/02 v5.9 Page Geometry

(/usr/local/texlive/2025/texmf-dist/tex/generic/iftex/ifvtex.sty
Package: ifvtex 2019/10/25 v1.7 ifvtex legacy package. Use iftex instead.
)
\Gm@cnth=\count469
\Gm@cntv=\count470
\c@Gm@tempcnt=\count471
\Gm@bindingoffset=\dimen305
\Gm@wd@mp=\dimen306
\Gm@odd@mp=\dimen307
\Gm@even@mp=\dimen308
\Gm@layoutwidth=\dimen309
\Gm@layoutheight=\dimen310
\Gm@layouthoffset=\dimen311
\Gm@layoutvoffset=\dimen312
\Gm@dimlist=\toks43
)
(/usr/local/texlive/2025/texmf-dist/tex/latex/setspace/setspace.sty
Package: setspace 2022/12/04 v6.7b set line spacing
)
(/usr/local/texlive/2025/texmf-dist/tex/latex/fancyhdr/fancyhdr.sty
Package: fancyhdr 2025/02/07 v5.2 Extensive control of page headers and footers

\f@nch@headwidth=\skip80
\f@nch@offset@elh=\skip81
\f@nch@offset@erh=\skip82
\f@nch@offset@olh=\skip83
\f@nch@offset@orh=\skip84
\f@nch@offset@elf=\skip85
\f@nch@offset@erf=\skip86
\f@nch@offset@olf=\skip87
\f@nch@offset@orf=\skip88
\f@nch@height=\skip89
\f@nch@footalignment=\skip90
\f@nch@widthL=\skip91
\f@nch@widthC=\skip92
\f@nch@widthR=\skip93
\@temptokenb=\toks44
)
(/usr/local/texlive/2025/texmf-dist/tex/latex/hyperref/hyperref.sty
Package: hyperref 2025-07-12 v7.01o Hypertext links for LaTeX

(/usr/local/texlive/2025/texmf-dist/tex/generic/kvdefinekeys/kvdefinekeys.sty
Package: kvdefinekeys 2019-12-19 v1.6 Define keys (HO)
)
(/usr/local/texlive/2025/texmf-dist/tex/generic/pdfescape/pdfescape.sty
Package: pdfescape 2019/12/09 v1.15 Implements pdfTeX's escape features (HO)
)
(/usr/local/texlive/2025/texmf-dist/tex/latex/hycolor/hycolor.sty
Package: hycolor 2020-01-27 v1.10 Color options for hyperref/bookmark (HO)
)
(/usr/local/texlive/2025/texmf-dist/tex/latex/hyperref/nameref.sty
Package: nameref 2025-06-21 v2.57 Cross-referencing by name of section

(/usr/local/texlive/2025/texmf-dist/tex/latex/refcount/refcount.sty
Package: refcount 2019/12/15 v3.6 Data extraction from label references (HO)
)
(/usr/local/texlive/2025/texmf-dist/tex/generic/gettitlestring/gettitlestring.s
ty
Package: gettitlestring 2019/12/15 v1.6 Cleanup title references (HO)
)
\c@section@level=\count472
) (/usr/local/texlive/2025/texmf-dist/tex/generic/stringenc/stringenc.sty
Package: stringenc 2019/11/29 v1.12 Convert strings between diff. encodings (HO
)
)
\@linkdim=\dimen313
\Hy@linkcounter=\count473
\Hy@pagecounter=\count474

(/usr/local/texlive/2025/texmf-dist/tex/latex/hyperref/pd1enc.def
File: pd1enc.def 2025-07-12 v7.01o Hyperref: PDFDocEncoding definition (HO)
)
(/usr/local/texlive/2025/texmf-dist/tex/generic/intcalc/intcalc.sty
Package: intcalc 2019/12/15 v1.3 Expandable calculations with integers (HO)
)
\Hy@SavedSpaceFactor=\count475

(/usr/local/texlive/2025/texmf-dist/tex/latex/hyperref/puenc.def
File: puenc.def 2025-07-12 v7.01o Hyperref: PDF Unicode definition (HO)

(/usr/local/texlive/2025/texmf-dist/tex/latex/greek-fontenc/puenc-greek.def
File: puenc-greek.def 2023-09-12 2.5 Greek LICRs for PDF strings

(/usr/local/texlive/2025/texmf-dist/tex/latex/greek-fontenc/greek-fontenc.def
File: greek-fontenc.def 2023-09-12 2.5 Common Greek font encoding definitions
)
LaTeX Encoding Info:    Redeclaring text command \textmu (encoding PU) on input
 line 179.
)
LaTeX Encoding Info:    Redeclaring text command \textohm (encoding PU) on inpu
t line 1176.
)
Package hyperref Info: Option `colorlinks' set `false' on input line 4066.
Package hyperref Info: Option `breaklinks' set `true' on input line 4066.
Package hyperref Info: Option `pdfusetitle' set `true' on input line 4066.
Package hyperref Info: Hyper figures OFF on input line 4195.
Package hyperref Info: Link nesting OFF on input line 4200.
Package hyperref Info: Hyper index ON on input line 4203.
Package hyperref Info: Plain pages OFF on input line 4210.
Package hyperref Info: Backreferencing OFF on input line 4215.
Package hyperref Info: Implicit mode ON; LaTeX internals redefined.
Package hyperref Info: Bookmarks ON on input line 4462.
\c@Hy@tempcnt=\count476
LaTeX Info: Redefining \url on input line 4801.
\XeTeXLinkMargin=\dimen314
 (/usr/local/texlive/2025/texmf-dist/tex/generic/bitset/bitset.sty
Package: bitset 2019/12/09 v1.3 Handle bit-vector datatype (HO)

(/usr/local/texlive/2025/texmf-dist/tex/generic/bigintcalc/bigintcalc.sty
Package: bigintcalc 2019/12/15 v1.5 Expandable calculations on big integers (HO
)
))
\Fld@menulength=\count477
\Field@Width=\dimen315
\Fld@charsize=\dimen316
Package hyperref Info: Hyper figures OFF on input line 6078.
Package hyperref Info: Link nesting OFF on input line 6083.
Package hyperref Info: Hyper index ON on input line 6086.
Package hyperref Info: backreferencing OFF on input line 6093.
Package hyperref Info: Link coloring OFF on input line 6098.
Package hyperref Info: Link coloring with OCG OFF on input line 6103.
Package hyperref Info: PDF/A mode OFF on input line 6108.
\Hy@abspage=\count478
\c@Item=\count479
\c@Hfootnote=\count480
)
Package hyperref Info: Driver (autodetected): hxetex.

(/usr/local/texlive/2025/texmf-dist/tex/latex/hyperref/hxetex.def
File: hxetex.def 2025-07-12 v7.01o Hyperref driver for XeTeX
\pdfm@box=\box75
\c@Hy@AnnotLevel=\count481
\HyField@AnnotCount=\count482
\Fld@listcount=\count483
\c@bookmark@seq@number=\count484

(/usr/local/texlive/2025/texmf-dist/tex/latex/rerunfilecheck/rerunfilecheck.sty
Package: rerunfilecheck 2025-06-21 v1.11 Rerun checks for auxiliary files (HO)

(/usr/local/texlive/2025/texmf-dist/tex/generic/uniquecounter/uniquecounter.sty
Package: uniquecounter 2019/12/15 v1.4 Provide unlimited unique counter (HO)
)
Package uniquecounter Info: New unique counter `rerunfilecheck' on input line 2
84.
)
\Hy@SectionHShift=\skip94
) (/usr/local/texlive/2025/texmf-dist/tex/latex/bookmark/bookmark.sty
Package: bookmark 2023-12-10 v1.31 PDF bookmarks (HO)

(/usr/local/texlive/2025/texmf-dist/tex/latex/bookmark/bkm-dvipdfm.def
File: bkm-dvipdfm.def 2023-12-10 v1.31 bookmark driver for dvipdfm (HO)
\BKM@id=\count485
))
(/usr/local/texlive/2025/texmf-dist/tex/latex/cleveref/cleveref.sty
Package: cleveref 2018/03/27 v0.21.4 Intelligent cross-referencing
Package cleveref Info: `hyperref' support loaded on input line 2370.
LaTeX Info: Redefining \cref on input line 2370.
LaTeX Info: Redefining \Cref on input line 2370.
LaTeX Info: Redefining \crefrange on input line 2370.
LaTeX Info: Redefining \Crefrange on input line 2370.
LaTeX Info: Redefining \cpageref on input line 2370.
LaTeX Info: Redefining \Cpageref on input line 2370.
LaTeX Info: Redefining \cpagerefrange on input line 2370.
LaTeX Info: Redefining \Cpagerefrange on input line 2370.
LaTeX Info: Redefining \labelcref on input line 2370.
LaTeX Info: Redefining \labelcpageref on input line 2370.
)
==> First Aid for cleveref.sty applied!
(/usr/local/texlive/2025/texmf-dist/tex/latex/glossaries/base/glossaries.sty
Package: glossaries 2025/08/11 v4.8 (NLCT)

(/usr/local/texlive/2025/texmf-dist/tex/latex/xkeyval/xkeyval.sty
Package: xkeyval 2022/06/16 v2.9 package option processing (HA)

(/usr/local/texlive/2025/texmf-dist/tex/generic/xkeyval/xkeyval.tex
(/usr/local/texlive/2025/texmf-dist/tex/generic/xkeyval/xkvutils.tex
\XKV@toks=\toks45
\XKV@tempa@toks=\toks46
)
\XKV@depth=\count486
File: xkeyval.tex 2014/12/03 v2.7a key=value parser (HA)
))
(/usr/local/texlive/2025/texmf-dist/tex/latex/mfirstuc/mfirstuc.sty
Package: mfirstuc 2025/04/03 v2.09 (NLCT)
\@glsmfirst=\toks47
\@glsmrest=\toks48
)
(/usr/local/texlive/2025/texmf-dist/tex/latex/xfor/xfor.sty
Package: xfor 2009/02/05 v1.05 (NLCT)
)
(|kpsewhich --var-value=TEXMF_OUTPUT_DIRECTORY)
(/usr/local/texlive/2025/texmf-dist/tex/latex/tracklang/tracklang.sty
Package: tracklang 2025/03/11 v1.6.6 (NLCT) Track Languages

(/usr/local/texlive/2025/texmf-dist/tex/generic/tracklang/tracklang.tex)
Package tracklang Info: Found polyglossia BCP `en-US' on input line 264.
Package tracklang Info: Tracking dialect `american' (language `english') on inp
ut line 264.
Package tracklang Info: Tracking dialect `france' (language `french') on input 
line 264.
)
(/usr/local/texlive/2025/texmf-dist/tex/latex/glossaries-english/glossaries-eng
lish.ldf
File: glossaries-english.ldf 2014/11/23 v1.0
)
(/usr/local/texlive/2025/texmf-dist/tex/latex/glossaries-french/glossaries-fren
ch.ldf
File: glossaries-french.ldf 2016/12/12 v1.1
)
(/usr/local/texlive/2025/texmf-dist/tex/latex/datatool/datatool-base.sty
Package: datatool-base 2025/04/25 v3.4.1 (NLCT)

(/usr/local/texlive/2025/texmf-dist/tex/latex/datatool/datatool-l3fp.def
File: datatool-l3fp.def 2025/04/25 v3.4.1 (NLCT)
)
\@dtl@toks=\toks49
\@dtl@tmpcount=\count487
\dtl@tmplength=\skip95
\l__datatool_measure_box=\box76
\dtl@sortresult=\count488

(/usr/local/texlive/2025/texmf-dist/tex/latex/datatool/datatool-utf8.ldf
File: datatool-utf8.ldf 2025/04/25 v3.4.1 (NLCT)
)
\@dtl@datatype=\count489
\l__datatool_tmpa_int=\count490
\l__datatool_tmpb_int=\count491
\l__datatool_tmpc_int=\count492
\l__datatool_tmpd_int=\count493
\l__datatool_count_int=\count494
\l__datatool_tmp_datatype_int=\count495
\l__datatool_tmpa_dim=\dimen317
\l__datatool_tmpb_dim=\dimen318
\c_datatool_unknown_int=\count496
\l__datatool_year_int=\count497
\l__datatool_month_int=\count498
\l__datatool_day_int=\count499
\l__datatool_hour_int=\count500
\l__datatool_minute_int=\count501
\l__datatool_second_int=\count502
\l__datatool_tzhour_int=\count503
\l__datatool_tzminute_int=\count504
\l__datatool_julian_int=\count505
\l__datatool_local_julian_int=\count506
\l__datatool_prefix_int=\count507
\l__datatool_suffix_int=\count508
\@dtl@foreach@level=\count509

(/usr/local/texlive/2025/texmf-dist/tex/latex/datatool-regions/datatool-US.ldf
File: datatool-US.ldf 2025/03/01 v1.0
)
(/usr/local/texlive/2025/texmf-dist/tex/latex/datatool-english/datatool-english
.ldf
File: datatool-english.ldf 2025/03/12 v1.1 (NLCT)

(/usr/local/texlive/2025/texmf-dist/tex/latex/datatool-english/datatool-english
-utf8.ldf
File: datatool-english-utf8.ldf 2025/03/12 v1.1 (NLCT)
))

Package tracklang Warning: No `datatool' support for dialect `france'  on input
 line 9908.


Package tracklang Warning: No `datatool' support for dialect `france'  on input
 line 9908.

\dtl@codeA=\count510
\dtl@codeB=\count511
)
\gls@level=\count512
\@gls@tmpb=\toks50
\gls@tmplen=\skip96
\l__glossaries_tmpa_dim=\dimen319
\l__glossaries_tmpb_dim=\dimen320
\glskeylisttok=\toks51
\glslabeltok=\toks52
\glsshorttok=\toks53
\glslongtok=\toks54

(/usr/local/texlive/2025/texmf-dist/tex/latex/glossaries/styles/glossary-hypern
av.sty
Package: glossary-hypernav 2025/08/11 v4.8 (NLCT)
)
(/usr/local/texlive/2025/texmf-dist/tex/latex/glossaries/styles/glossary-list.s
ty
Package: glossary-list 2025/08/11 v4.8 (NLCT)
\glslistdottedwidth=\skip97
)
(/usr/local/texlive/2025/texmf-dist/tex/latex/glossaries/styles/glossary-long.s
ty
Package: glossary-long 2025/08/11 v4.8 (NLCT)
 (/usr/local/texlive/2025/texmf-dist/tex/latex/tools/longtable.sty
Package: longtable 2024-12-18 v4.23 Multi-page Table package (DPC)
\LTleft=\skip98
\LTright=\skip99
\LTpre=\skip100
\LTpost=\skip101
\LTchunksize=\count513
\LTcapwidth=\dimen321
\LT@head=\box77
\LT@firsthead=\box78
\LT@foot=\box79
\LT@lastfoot=\box80
\LT@gbox=\box81
\LT@cols=\count514
\LT@rows=\count515
\c@LT@tables=\count516
\c@LT@chunks=\count517
\LT@p@ftn=\toks55
)
\glsdescwidth=\skip102
\glspagelistwidth=\skip103
)
(/usr/local/texlive/2025/texmf-dist/tex/latex/glossaries/styles/glossary-super.
sty
Package: glossary-super 2025/08/11 v4.8 (NLCT)
 (/usr/local/texlive/2025/texmf-dist/tex/latex/supertabular/supertabular.sty
Package: supertabular 2024/07/20 v4.2c the supertabular environment
\c@tracingst=\count518
\ST@wd=\dimen322
\ST@rightskip=\skip104
\ST@leftskip=\skip105
\ST@parfillskip=\skip106
\ST@pageleft=\dimen323
\ST@headht=\dimen324
\ST@tailht=\dimen325
\ST@pagesofar=\dimen326
\ST@pboxht=\dimen327
\ST@rowht=\dimen328
\ST@prevht=\dimen329
\ST@toadd=\dimen330
\ST@dimen=\dimen331
\ST@pbox=\box82
))
(/usr/local/texlive/2025/texmf-dist/tex/latex/glossaries/styles/glossary-tree.s
ty
Package: glossary-tree 2025/08/11 v4.8 (NLCT)
\l__glossaries_tree_max_known_level_int=\count519
\l__glossaries_tree_offset_dim=\dimen332
\l__glossaries_tree_namewidth_dim=\dimen333
\l__glossaries_tree_symbolwidth_dim=\dimen334
\l__glossaries_tree_prenamesym_width_dim=\dimen335
\l__glossaries_tree_presubnamesym_width_dim=\dimen336
\l__glossaries_tree_namewidth_padding_dim=\dimen337
\l__glossaries_tree_symbolwidth_padding_dim=\dimen338
\l__glossaries_tree_namesymbolwidth_dim=\dimen339
\l__glossaries_tree_namesymbolwidth_padding_dim=\dimen340
\l__glossaries_tree_level_int=\count520
\glstreeindent=\skip107
))
runsystem(makeindex -s "document_maitre (1)".ist -t "document_maitre (1)".glg -
o "document_maitre (1)".gls "document_maitre (1)".glo)...quotation error in sys
tem command.

runsystem(makeindex -s "document_maitre (1)".ist -t "document_maitre (1)".alg -
o "document_maitre (1)".acr "document_maitre (1)".acn)...quotation error in sys
tem command.

\glswrite=\write6
\glo@main@file=\write7
\openout7 = `"document_maitre (1).glo"'.

Package glossaries Info: Writing glossary file "document_maitre (1)".glo on inp
ut line 158.
\glo@acronym@file=\write8
\openout8 = `"document_maitre (1).acn"'.

Package glossaries Info: Writing glossary file "document_maitre (1)".acn on inp
ut line 158.
 (./glossaire.tex)
Package csquotes Info: Checking for multilingual support...
Package csquotes Info: ... found 'polyglossia' package.
Package csquotes Info: Adjusting default style.
Package csquotes Info: Redefining alias 'default' -> 'french'.
 (./document_maitre (1).aux

LaTeX Warning: Label `I_1' multiply defined.


LaTeX Warning: Label `I_1@cref' multiply defined.


LaTeX Warning: Label `I_1_A' multiply defined.


LaTeX Warning: Label `I_1_A@cref' multiply defined.


LaTeX Warning: Label `I_1' multiply defined.


LaTeX Warning: Label `I_1@cref' multiply defined.


LaTeX Warning: Label `I_1_B' multiply defined.


LaTeX Warning: Label `I_1_B@cref' multiply defined.


LaTeX Warning: Label `I_1' multiply defined.


LaTeX Warning: Label `I_1@cref' multiply defined.


LaTeX Warning: Label `I_1_C' multiply defined.


LaTeX Warning: Label `I_1_C@cref' multiply defined.


LaTeX Warning: Label `I_1' multiply defined.


LaTeX Warning: Label `I_1@cref' multiply defined.


LaTeX Warning: Label `I_1_C' multiply defined.


LaTeX Warning: Label `I_1_C@cref' multiply defined.


LaTeX Warning: Label `I_1' multiply defined.


LaTeX Warning: Label `I_1@cref' multiply defined.


LaTeX Warning: Label `I_2' multiply defined.


LaTeX Warning: Label `I_2@cref' multiply defined.


LaTeX Warning: Label `I_2_A' multiply defined.


LaTeX Warning: Label `I_2_A@cref' multiply defined.


LaTeX Warning: Label `I_2' multiply defined.


LaTeX Warning: Label `I_2@cref' multiply defined.


LaTeX Warning: Label `I_2_A' multiply defined.


LaTeX Warning: Label `I_2_A@cref' multiply defined.


LaTeX Warning: Label `I_2' multiply defined.


LaTeX Warning: Label `I_2@cref' multiply defined.


LaTeX Warning: Label `I_2_A' multiply defined.


LaTeX Warning: Label `I_2_A@cref' multiply defined.


LaTeX Warning: Label `I_2' multiply defined.


LaTeX Warning: Label `I_2@cref' multiply defined.


LaTeX Warning: Label `I_2_B' multiply defined.


LaTeX Warning: Label `I_2_B@cref' multiply defined.


LaTeX Warning: Label `I_2' multiply defined.


LaTeX Warning: Label `I_2@cref' multiply defined.


LaTeX Warning: Label `I_2_B' multiply defined.


LaTeX Warning: Label `I_2_B@cref' multiply defined.


LaTeX Warning: Label `I_2' multiply defined.


LaTeX Warning: Label `I_2@cref' multiply defined.


LaTeX Warning: Label `I_2_C' multiply defined.


LaTeX Warning: Label `I_2_C@cref' multiply defined.


LaTeX Warning: Label `I_2' multiply defined.


LaTeX Warning: Label `I_2@cref' multiply defined.


LaTeX Warning: Label `I_3' multiply defined.


LaTeX Warning: Label `I_3@cref' multiply defined.


LaTeX Warning: Label `I_3_B' multiply defined.


LaTeX Warning: Label `I_3_B@cref' multiply defined.


LaTeX Warning: Label `I_3' multiply defined.


LaTeX Warning: Label `I_3@cref' multiply defined.


LaTeX Warning: Label `I_3_C' multiply defined.


LaTeX Warning: Label `I_3_C@cref' multiply defined.


LaTeX Warning: Label `I_3' multiply defined.


LaTeX Warning: Label `I_3@cref' multiply defined.


LaTeX Warning: Label `I_3_C' multiply defined.


LaTeX Warning: Label `I_3_C@cref' multiply defined.


LaTeX Warning: Label `I_3' multiply defined.


LaTeX Warning: Label `I_3@cref' multiply defined.


LaTeX Warning: Label `II_1' multiply defined.


LaTeX Warning: Label `II_1@cref' multiply defined.


LaTeX Warning: Label `II_1_A' multiply defined.


LaTeX Warning: Label `II_1_A@cref' multiply defined.


LaTeX Warning: Label `II_1' multiply defined.


LaTeX Warning: Label `II_1@cref' multiply defined.


LaTeX Warning: Label `II_1_A' multiply defined.


LaTeX Warning: Label `II_1_A@cref' multiply defined.


LaTeX Warning: Label `II_1' multiply defined.


LaTeX Warning: Label `II_1@cref' multiply defined.


LaTeX Warning: Label `II_1_B' multiply defined.


LaTeX Warning: Label `II_1_B@cref' multiply defined.


LaTeX Warning: Label `II_1' multiply defined.


LaTeX Warning: Label `II_1@cref' multiply defined.


LaTeX Warning: Label `II_1_B' multiply defined.


LaTeX Warning: Label `II_1_B@cref' multiply defined.


LaTeX Warning: Label `II_1' multiply defined.


LaTeX Warning: Label `II_1@cref' multiply defined.


LaTeX Warning: Label `II_1_C' multiply defined.


LaTeX Warning: Label `II_1_C@cref' multiply defined.


LaTeX Warning: Label `II_1' multiply defined.


LaTeX Warning: Label `II_1@cref' multiply defined.


LaTeX Warning: Label `II_1_C' multiply defined.


LaTeX Warning: Label `II_1_C@cref' multiply defined.


LaTeX Warning: Label `II_1' multiply defined.


LaTeX Warning: Label `II_1@cref' multiply defined.


LaTeX Warning: Label `II_2' multiply defined.


LaTeX Warning: Label `II_2@cref' multiply defined.


LaTeX Warning: Label `II_2_A' multiply defined.


LaTeX Warning: Label `II_2_A@cref' multiply defined.


LaTeX Warning: Label `II_2' multiply defined.


LaTeX Warning: Label `II_2@cref' multiply defined.


LaTeX Warning: Label `II_2_B' multiply defined.


LaTeX Warning: Label `II_2_B@cref' multiply defined.


LaTeX Warning: Label `II_2' multiply defined.


LaTeX Warning: Label `II_2@cref' multiply defined.


LaTeX Warning: Label `II_2_C' multiply defined.


LaTeX Warning: Label `II_2_C@cref' multiply defined.


LaTeX Warning: Label `II_2' multiply defined.


LaTeX Warning: Label `II_2@cref' multiply defined.


LaTeX Warning: Label `II_2_C' multiply defined.


LaTeX Warning: Label `II_2_C@cref' multiply defined.


LaTeX Warning: Label `II_2' multiply defined.


LaTeX Warning: Label `II_2@cref' multiply defined.


LaTeX Warning: Label `II_3' multiply defined.


LaTeX Warning: Label `II_3@cref' multiply defined.


LaTeX Warning: Label `II_3_A' multiply defined.


LaTeX Warning: Label `II_3_A@cref' multiply defined.


LaTeX Warning: Label `II_3' multiply defined.


LaTeX Warning: Label `II_3@cref' multiply defined.


LaTeX Warning: Label `II_3_B' multiply defined.


LaTeX Warning: Label `II_3_B@cref' multiply defined.


LaTeX Warning: Label `II_3' multiply defined.


LaTeX Warning: Label `II_3@cref' multiply defined.


LaTeX Warning: Label `II_3_B' multiply defined.


LaTeX Warning: Label `II_3_B@cref' multiply defined.


LaTeX Warning: Label `II_3' multiply defined.


LaTeX Warning: Label `II_3@cref' multiply defined.


LaTeX Warning: Label `II_3_B' multiply defined.


LaTeX Warning: Label `II_3_B@cref' multiply defined.


LaTeX Warning: Label `II_3' multiply defined.


LaTeX Warning: Label `II_3@cref' multiply defined.


LaTeX Warning: Label `II_3_C' multiply defined.


LaTeX Warning: Label `II_3_C@cref' multiply defined.


LaTeX Warning: Label `II_3' multiply defined.


LaTeX Warning: Label `II_3@cref' multiply defined.


LaTeX Warning: Label `III_1' multiply defined.


LaTeX Warning: Label `III_1@cref' multiply defined.


LaTeX Warning: Label `III_1_B' multiply defined.


LaTeX Warning: Label `III_1_B@cref' multiply defined.


LaTeX Warning: Label `III_1' multiply defined.


LaTeX Warning: Label `III_1@cref' multiply defined.


LaTeX Warning: Label `III_1_C' multiply defined.


LaTeX Warning: Label `III_1_C@cref' multiply defined.


LaTeX Warning: Label `III_1' multiply defined.


LaTeX Warning: Label `III_1@cref' multiply defined.


LaTeX Warning: Label `III_2' multiply defined.


LaTeX Warning: Label `III_2@cref' multiply defined.


LaTeX Warning: Label `III_2_B' multiply defined.


LaTeX Warning: Label `III_2_B@cref' multiply defined.


LaTeX Warning: Label `III_2' multiply defined.


LaTeX Warning: Label `III_2@cref' multiply defined.


LaTeX Warning: Label `III_2_B' multiply defined.


LaTeX Warning: Label `III_2_B@cref' multiply defined.


LaTeX Warning: Label `III_2' multiply defined.


LaTeX Warning: Label `III_2@cref' multiply defined.


LaTeX Warning: Label `III_3' multiply defined.


LaTeX Warning: Label `III_3@cref' multiply defined.


LaTeX Warning: Label `III_3_B' multiply defined.


LaTeX Warning: Label `III_3_B@cref' multiply defined.


LaTeX Warning: Label `III_3' multiply defined.


LaTeX Warning: Label `III_3@cref' multiply defined.


LaTeX Warning: Label `III_3_C' multiply defined.


LaTeX Warning: Label `III_3_C@cref' multiply defined.


LaTeX Warning: Label `III_3' multiply defined.


LaTeX Warning: Label `III_3@cref' multiply defined.


LaTeX Warning: Label `III_3_C' multiply defined.


LaTeX Warning: Label `III_3_C@cref' multiply defined.

(./parties/mainmatter/conclusion.aux

LaTeX Warning: Label `III_3' multiply defined.


LaTeX Warning: Label `III_3@cref' multiply defined.

)

LaTeX Warning: Label `annexe_A' multiply defined.


LaTeX Warning: Label `annexe_A@cref' multiply defined.


LaTeX Warning: Label `annexe_A' multiply defined.


LaTeX Warning: Label `annexe_A@cref' multiply defined.


LaTeX Warning: Label `annexe_A' multiply defined.


LaTeX Warning: Label `annexe_A@cref' multiply defined.


LaTeX Warning: Label `annexe_A' multiply defined.


LaTeX Warning: Label `annexe_A@cref' multiply defined.


LaTeX Warning: Label `annexe_B' multiply defined.


LaTeX Warning: Label `annexe_B@cref' multiply defined.


LaTeX Warning: Label `annexe_B' multiply defined.


LaTeX Warning: Label `annexe_B@cref' multiply defined.

)
\openout1 = `"document_maitre (1).aux"'.

LaTeX Font Info:    Checking defaults for OML/cmm/m/it on input line 187.
LaTeX Font Info:    ... okay on input line 187.
LaTeX Font Info:    Checking defaults for OMS/cmsy/m/n on input line 187.
LaTeX Font Info:    ... okay on input line 187.
LaTeX Font Info:    Checking defaults for OT1/cmr/m/n on input line 187.
LaTeX Font Info:    ... okay on input line 187.
LaTeX Font Info:    Checking defaults for T1/cmr/m/n on input line 187.
LaTeX Font Info:    ... okay on input line 187.
LaTeX Font Info:    Checking defaults for TS1/cmr/m/n on input line 187.
LaTeX Font Info:    ... okay on input line 187.
LaTeX Font Info:    Checking defaults for TU/lmr/m/n on input line 187.
LaTeX Font Info:    ... okay on input line 187.
LaTeX Font Info:    Checking defaults for OMX/cmex/m/n on input line 187.
LaTeX Font Info:    ... okay on input line 187.
LaTeX Font Info:    Checking defaults for U/cmr/m/n on input line 187.
LaTeX Font Info:    ... okay on input line 187.
LaTeX Font Info:    Checking defaults for T3/cmr/m/n on input line 187.
LaTeX Font Info:    Trying to load font information for T3+cmr on input line 18
7.
 (/usr/local/texlive/2025/texmf-dist/tex/latex/tipa/t3cmr.fd
File: t3cmr.fd 2001/12/31 TIPA font definitions
)
LaTeX Font Info:    ... okay on input line 187.
LaTeX Font Info:    Checking defaults for PD1/pdf/m/n on input line 187.
LaTeX Font Info:    ... okay on input line 187.
LaTeX Font Info:    Checking defaults for PU/pdf/m/n on input line 187.
LaTeX Font Info:    ... okay on input line 187.

Package fontspec Info: 
(fontspec)             Adjusting the maths setup (use [no-math] to avoid
(fontspec)             this).

\symlegacymaths=\mathgroup4
LaTeX Font Info:    Overwriting symbol font `legacymaths' in version `bold'
(Font)                  OT1/cmr/m/n --> OT1/cmr/bx/n on input line 187.
LaTeX Font Info:    Redeclaring math accent \acute on input line 187.
LaTeX Font Info:    Redeclaring math accent \grave on input line 187.
LaTeX Font Info:    Redeclaring math accent \ddot on input line 187.
LaTeX Font Info:    Redeclaring math accent \tilde on input line 187.
LaTeX Font Info:    Redeclaring math accent \bar on input line 187.
LaTeX Font Info:    Redeclaring math accent \breve on input line 187.
LaTeX Font Info:    Redeclaring math accent \check on input line 187.
LaTeX Font Info:    Redeclaring math accent \hat on input line 187.
LaTeX Font Info:    Redeclaring math accent \dot on input line 187.
LaTeX Font Info:    Redeclaring math accent \mathring on input line 187.
LaTeX Font Info:    Redeclaring math symbol \Gamma on input line 187.
LaTeX Font Info:    Redeclaring math symbol \Delta on input line 187.
LaTeX Font Info:    Redeclaring math symbol \Theta on input line 187.
LaTeX Font Info:    Redeclaring math symbol \Lambda on input line 187.
LaTeX Font Info:    Redeclaring math symbol \Xi on input line 187.
LaTeX Font Info:    Redeclaring math symbol \Pi on input line 187.
LaTeX Font Info:    Redeclaring math symbol \Sigma on input line 187.
LaTeX Font Info:    Redeclaring math symbol \Upsilon on input line 187.
LaTeX Font Info:    Redeclaring math symbol \Phi on input line 187.
LaTeX Font Info:    Redeclaring math symbol \Psi on input line 187.
LaTeX Font Info:    Redeclaring math symbol \Omega on input line 187.
LaTeX Font Info:    Redeclaring math symbol \mathdollar on input line 187.
LaTeX Font Info:    Redeclaring symbol font `operators' on input line 187.
LaTeX Font Info:    Encoding `OT1' has changed to `TU' for symbol font
(Font)              `operators' in the math version `normal' on input line 187.

LaTeX Font Info:    Overwriting symbol font `operators' in version `normal'
(Font)                  OT1/cmr/m/n --> TU/lmr/m/n on input line 187.
LaTeX Font Info:    Encoding `OT1' has changed to `TU' for symbol font
(Font)              `operators' in the math version `bold' on input line 187.
LaTeX Font Info:    Overwriting symbol font `operators' in version `bold'
(Font)                  OT1/cmr/bx/n --> TU/lmr/m/n on input line 187.
LaTeX Font Info:    Overwriting symbol font `operators' in version `normal'
(Font)                  TU/lmr/m/n --> TU/lmr/m/n on input line 187.
LaTeX Font Info:    Overwriting math alphabet `\mathit' in version `normal'
(Font)                  OT1/cmr/m/it --> TU/lmr/m/it on input line 187.
LaTeX Font Info:    Overwriting math alphabet `\mathbf' in version `normal'
(Font)                  OT1/cmr/bx/n --> TU/lmr/b/n on input line 187.
LaTeX Font Info:    Overwriting math alphabet `\mathsf' in version `normal'
(Font)                  OT1/cmss/m/n --> TU/lmss/m/n on input line 187.
LaTeX Font Info:    Overwriting math alphabet `\mathtt' in version `normal'
(Font)                  OT1/cmtt/m/n --> TU/lmtt/m/n on input line 187.
LaTeX Font Info:    Overwriting symbol font `operators' in version `bold'
(Font)                  TU/lmr/m/n --> TU/lmr/b/n on input line 187.
LaTeX Font Info:    Overwriting math alphabet `\mathit' in version `bold'
(Font)                  OT1/cmr/bx/it --> TU/lmr/b/it on input line 187.
LaTeX Font Info:    Overwriting math alphabet `\mathsf' in version `bold'
(Font)                  OT1/cmss/bx/n --> TU/lmss/b/n on input line 187.
LaTeX Font Info:    Overwriting math alphabet `\mathtt' in version `bold'
(Font)                  OT1/cmtt/m/n --> TU/lmtt/b/n on input line 187.
Package biblatex Info: Trying to load language 'american'...
Package biblatex Info: ... file 'american.lbx' found.

(/usr/local/texlive/2025/texmf-dist/tex/latex/biblatex/lbx/american.lbx
File: american.lbx 2025/07/10 v3.21 biblatex localization (PK/MW)
Package biblatex Info: Trying to load language 'english'...
Package biblatex Info: ... file 'english.lbx' found.

(/usr/local/texlive/2025/texmf-dist/tex/latex/biblatex/lbx/english.lbx
File: english.lbx 2025/07/10 v3.21 biblatex localization (PK/MW)
)
Package biblatex Info: Trying to load language 'english'...
Package biblatex Info: ... file 'english.lbx' found.

(/usr/local/texlive/2025/texmf-dist/tex/latex/biblatex/lbx/english.lbx
File: english.lbx 2025/07/10 v3.21 biblatex localization (PK/MW)
))
Package biblatex Info: Trying to load language 'french'...
Package biblatex Info: ... file 'french.lbx' found.

(/usr/local/texlive/2025/texmf-dist/tex/latex/biblatex/lbx/french.lbx
File: french.lbx 2025/07/10 v3.21 biblatex localization (PK/MW)
)
Package biblatex Info: XeTeX detected.
(biblatex)             Assuming input encoding 'utf8'.
Package biblatex Info: Automatic encoding selection.
(biblatex)             Assuming data encoding 'utf8'.
\openout5 = `"document_maitre (1).bcf"'.

Package biblatex Info: Trying to load bibliographic data...
Package biblatex Info: ... file '"document_maitre (1)".bbl' found.

(./document_maitre (1).bbl)
Package biblatex Info: Reference section=0 on input line 187.
Package biblatex Info: Reference segment=0 on input line 187.
Package caption Info: Begin \AtBeginDocument code.
Package caption Info: hyperref package is loaded.
Package caption Info: longtable package is loaded.

(/usr/local/texlive/2025/texmf-dist/tex/latex/caption/ltcaption.sty
Package: ltcaption 2021/01/08 v1.4c longtable captions (AR)
)
Package caption Info: supertabular package is loaded.
Package caption Info: End \AtBeginDocument code.

*geometry* driver: auto-detecting
*geometry* detected driver: xetex
*geometry* verbose mode - [ preamble ] result:
* driver: xetex
* paper: <default>
* layout: <same size as paper>
* layoutoffset:(h,v)=(0.0pt,0.0pt)
* modes: twoside 
* h-part:(L,W,R)=(71.13188pt, 472.03123pt, 71.13188pt)
* v-part:(T,H,B)=(71.13188pt, 652.70622pt, 71.13188pt)
* \paperwidth=614.295pt
* \paperheight=794.96999pt
* \textwidth=472.03123pt
* \textheight=652.70622pt
* \oddsidemargin=-1.1381pt
* \evensidemargin=-1.1381pt
* \topmargin=-33.0119pt
* \headheight=16.0pt
* \headsep=19.8738pt
* \topskip=12.0pt
* \footskip=30.0pt
* \marginparwidth=98.0pt
* \marginparsep=7.0pt
* \columnsep=10.0pt
* \skip\footins=10.8pt plus 4.0pt minus 2.0pt
* \hoffset=0.0pt
* \voffset=0.0pt
* \mag=1000
* \@twocolumnfalse
* \@twosidetrue
* \@mparswitchtrue
* \@reversemarginfalse
* (1in=72.27pt=25.4mm, 1cm=28.453pt)

Package hyperref Info: Link coloring OFF on input line 187.


[1

\openout6 = `"document_maitre (1).ist"'.


]

[2

]
Underfull \hbox (badness 10000) in paragraph at lines 249--250

 []



[1


]

[2

]
Package lettrine.sty Info: Targeted height = 24.16246pt
(lettrine.sty)             (for loversize=0, accent excluded),
(lettrine.sty)             Lettrine height = 24.16241pt (M);
(lettrine.sty)             reported on input line 292.


[3

]

[4

]

[5

]
Overfull \hbox (2.77263pt too wide) in paragraph at lines 301--301
[][][]\TU/lmr/m/sc/12 Brostow[]\TU/lmr/m/n/12 ​ (Gabriel J.), []\TU/lmr/m/sc/12
 Fauqueur[]\TU/lmr/m/n/12 ​ (Julien) et []\TU/lmr/m/sc/12 Cipolla[]\TU/lmr/m/n/
12 ​ (Roberto), «  Semantic Object Classes
 []



[6]
Overfull \hbox (4.37076pt too wide) in paragraph at lines 301--301
\TU/lmr/m/n/12 mars 2024, \TU/lmr/m/sc/12 url \TU/lmr/m/n/12 : []$[][][][][] []
 [] [] [][][] [] [][][] [] [][][] [] [][][][][] [] [][][][][][] [] [][][][][][]
[][][][] [][] [][] [][] [][][][][][][][][][][][] [][]
 []


Overfull \hbox (11.73682pt too wide) in paragraph at lines 301--301
[][][]\TU/lmr/m/sc/12 IFLA Study Group on the Functional Requirements for Bibli
ographic Records[]\TU/lmr/m/n/12 ​,
 []



[7]
Overfull \hbox (15.5349pt too wide) in paragraph at lines 301--301
[][][]\TU/lmr/m/sc/12 Journot[]\TU/lmr/m/n/12 ​ (Marie-Thérèse), \TU/lmr/m/it/1
2 Le vocabulaire du cinéma\TU/lmr/m/n/12 , 2008, \TU/lmr/m/sc/12 doi \TU/lmr/m/
n/12 : []$[][] [] [][][][][] [] [][] [] [][][][][][][][][][][][][]$[]. 
 []


Overfull \hbox (10.67084pt too wide) in paragraph at lines 301--301
[][][]\TU/lmr/m/sc/12 Kassel[]\TU/lmr/m/n/12 ​ (Raphael), \TU/lmr/m/it/12 L’app
rentissage auto-supervisé : Qu’est-ce que c’est? Comment ça marche?\TU/lmr/m/n/
12 ,
 []


Overfull \hbox (0.90454pt too wide) in paragraph at lines 301--301
[][][]\TU/lmr/m/sc/12 Kasturi[]\TU/lmr/m/n/12 ​ (Surya), []\TU/lmr/m/sc/12 Shen
field[]\TU/lmr/m/n/12 ​ (Alex), []\TU/lmr/m/sc/12 Roast[]\TU/lmr/m/n/12 ​ (Chri
s), []\TU/lmr/m/sc/12 Le Page[]\TU/lmr/m/n/12 ​ (Danny) et []\TU/lmr/m/sc/12 Br
oome[]\TU/lmr/m/n/12 ​ (Alice),
 []



[8]

[9]

[10]

[11]

[12

]

Package biblatex Warning: Keyword 'nlp' not found on input line 309.


LaTeX Warning: Empty bibliography on input line 309.


Package biblatex Warning: Keyword 'nlp' not found on input line 313.


LaTeX Warning: Empty bibliography on input line 313.


Package biblatex Warning: Keyword 'nlp' not found on input line 317.


LaTeX Warning: Empty bibliography on input line 317.


Package biblatex Warning: Keyword 'nlp' not found on input line 321.


LaTeX Warning: Empty bibliography on input line 321.


Package biblatex Warning: Keyword 'nlp' not found on input line 326.


LaTeX Warning: Empty bibliography on input line 326.


Package biblatex Warning: Keyword 'nlp' not found on input line 330.


LaTeX Warning: Empty bibliography on input line 330.

(./parties/mainmatter/introduction.tex

[13]

[14

]

[15]

[16])

[17]

[18

]

[1


]

[2] (./parties/mainmatter/I/1/I_1.tex

[3]

[4

]
Chapitre 1.

Package hyperref Warning: Token not allowed in a PDF string (Unicode):
(hyperref)                removing `\gls' on input line 1.

(./parties/mainmatter/I/1/I_1_A.tex
Overfull \hbox (15.83752pt too wide) in paragraph at lines 6--7
[]\TU/lmr/m/n/12 Le [][]FRBR[], est un modèle conceptuel de données bibliograph
iques élaboré par l’[][]\TU/lmr/m/it/12 International
 []


Underfull \hbox (badness 10000) in paragraph at lines 6--7

 []



[5]
File: images/FRBRfirstgroup.png Graphic file (type bmp)
<images/FRBRfirstgroup.png>


[6]
File: images/FRBRsecondgroup.png Graphic file (type bmp)
<images/FRBRsecondgroup.png>


[7]) (./parties/mainmatter/I/1/I_1_B.tex

Package hyperref Warning: Token not allowed in a PDF string (Unicode):
(hyperref)                removing `\gls' on input line 1.


Package hyperref Warning: Token not allowed in a PDF string (Unicode):
(hyperref)                removing `\gls' on input line 3.


Underfull \vbox (badness 10000) has occurred while \output is active []



[8]

[9]

Package hyperref Warning: Token not allowed in a PDF string (Unicode):
(hyperref)                removing `\gls' on input line 14.

) (./parties/mainmatter/I/1/I_1_C.tex

Package hyperref Warning: Token not allowed in a PDF string (Unicode):
(hyperref)                removing `\gls' on input line 1.



[10]

Package hyperref Warning: Token not allowed in a PDF string (Unicode):
(hyperref)                removing `\gls' on input line 5.


Package hyperref Warning: Token not allowed in a PDF string (Unicode):
(hyperref)                removing `\gls' on input line 5.



[11]

[12])) (./parties/mainmatter/I/2/I_2.tex

[13]

[14

]
Chapitre 2.
(./parties/mainmatter/I/2/I_2_A.tex

Package hyperref Warning: Token not allowed in a PDF string (Unicode):
(hyperref)                removing `\gls' on input line 1.



[15]
File: images/accueil1.png Graphic file (type bmp)
<images/accueil1.png>


[16]
File: images/menuBurger.png Graphic file (type bmp)
<images/menuBurger.png>
File: images/image7.png Graphic file (type bmp)
<images/image7.png>


LaTeX Warning: `!h' float specifier changed to `!ht'.



[17]

[18]
File: images/image2.png Graphic file (type bmp)
<images/image2.png>
File: images/image3.png Graphic file (type bmp)
<images/image3.png>


LaTeX Warning: `!h' float specifier changed to `!ht'.

File: images/image4.png Graphic file (type bmp)
<images/image4.png>
File: images/image8.png Graphic file (type bmp)
<images/image8.png>


[19]
Underfull \vbox (badness 2409) has occurred while \output is active []



[20]

[21]
File: images/imageb.png Graphic file (type bmp)
<images/imageb.png>


[22]) (./parties/mainmatter/I/2/I_2_B.tex

[23]

[24]

[25]) (./parties/mainmatter/I/2/I_2_C.tex

Package hyperref Warning: Token not allowed in a PDF string (Unicode):
(hyperref)                removing `\gls' on input line 1.


Underfull \vbox (badness 10000) has occurred while \output is active []



[26]

[27])) (./parties/mainmatter/I/3/I_3.tex

[28]
Chapitre 3.
(./parties/mainmatter/I/3/I_3_A.tex

[29

]) (./parties/mainmatter/I/3/I_3_B.tex

[30]

[31]

[32]) (./parties/mainmatter/I/3/I_3_C.tex

Package hyperref Warning: Token not allowed in a PDF string (Unicode):
(hyperref)                removing `\gls' on input line 1.



[33]

[34]

[35]))

[36]

[37

]

[38] (./parties/mainmatter/II/1/II_1.tex

[39]

[40

]
Chapitre 4.
(./parties/mainmatter/II/1/II_1_A.tex

[41]

[42]

Package hyperref Warning: Token not allowed in a PDF string (Unicode):
(hyperref)                removing `\gls' on input line 26.


Package hyperref Warning: Token not allowed in a PDF string (Unicode):
(hyperref)                removing `\gls' on input line 28.


Underfull \hbox (badness 1067) in paragraph at lines 32--32
[][][][][]\TU/lmr/m/n/10 Niall O’ []Mahony[]​, Sean []Campbell[]​, Anderson []C
arvalho[]​, Suman []Harapanahalli[]​, Gustavo []Velasco-
 []



[43]

Package hyperref Warning: Token not allowed in a PDF string (Unicode):
(hyperref)                removing `\gls' on input line 36.


Package hyperref Warning: Token not allowed in a PDF string (Unicode):
(hyperref)                removing `\gls' on input line 36.


Package hyperref Warning: Token not allowed in a PDF string (Unicode):
(hyperref)                removing `\gls' on input line 40.


Package hyperref Warning: Token not allowed in a PDF string (Unicode):
(hyperref)                removing `\gls' on input line 40.



[44]

[45]
Underfull \hbox (badness 10000) in paragraph at lines 69--70
[]|\TU/lmr/bx/n/10.95 Apprentissage
 []


Underfull \hbox (badness 1509) in paragraph at lines 70--72
[]|\TU/lmr/m/n/10.95 - Classification d’images fixes ex-
 []


Underfull \hbox (badness 10000) in paragraph at lines 75--76
[]|\TU/lmr/bx/n/10.95 Apprentissage
 []


Underfull \hbox (badness 2790) in paragraph at lines 75--76
\TU/lmr/bx/n/10.95 profond : Trans-
 []


Overfull \hbox (20.81282pt too wide) in paragraph at lines 57--82
 [][] 
 []



[46]) (./parties/mainmatter/II/1/II_1_B.tex

[47]

Package hyperref Warning: Token not allowed in a PDF string (Unicode):
(hyperref)                removing `\gls' on input line 15.


Underfull \vbox (badness 2334) has occurred while \output is active []



[48]

[49]) (./parties/mainmatter/II/1/II_1_C.tex

[50]

[51]
File: images/pyscene.png Graphic file (type bmp)
<images/pyscene.png>

Underfull \vbox (badness 10000) has occurred while \output is active []



[52])

[53]) (./parties/mainmatter/II/2/II_2.tex

[54]
Chapitre 5.

Package hyperref Warning: Token not allowed in a PDF string (Unicode):
(hyperref)                removing `\gls' on input line 1.

(./parties/mainmatter/II/2/II_2_A.tex

Package hyperref Warning: Token not allowed in a PDF string (Unicode):
(hyperref)                removing `\gls' on input line 1.



[55

]

Package hyperref Warning: Token not allowed in a PDF string (Unicode):
(hyperref)                removing `\gls' on input line 10.



[56]
File: images/yolo.png Graphic file (type bmp)
<images/yolo.png>

Underfull \vbox (badness 10000) has occurred while \output is active []



[57]) (./parties/mainmatter/II/2/II_2_B.tex

Package hyperref Warning: Token not allowed in a PDF string (Unicode):
(hyperref)                removing `\gls' on input line 1.


Package hyperref Warning: Token not allowed in a PDF string (Unicode):
(hyperref)                removing `\gls' on input line 3.



[58]

[59]) (./parties/mainmatter/II/2/II_2_C.tex

[60]

[61]

[62])) (./parties/mainmatter/II/3/II_3.tex

[63]

[64

]
Chapitre 6.
(./parties/mainmatter/II/3/II_3_A.tex

Package hyperref Warning: Token not allowed in a PDF string (Unicode):
(hyperref)                removing `\gls' on input line 1.



[65]
File: images/fragment_frbr.png Graphic file (type bmp)
<images/fragment_frbr.png>

Underfull \vbox (badness 10000) has occurred while \output is active []



[66]

[67]) (./parties/mainmatter/II/3/II_3_B.tex

[68]

[69]

[70]
File: images/amalia.png Graphic file (type bmp)
<images/amalia.png>


[71]
File: images/validation.png Graphic file (type bmp)
<images/validation.png>

Underfull \vbox (badness 10000) has occurred while \output is active []



[72]
Underfull \vbox (badness 10000) has occurred while \output is active []



[73]) (./parties/mainmatter/II/3/II_3_C.tex

[74]))

[75]

[76]

[77

]

[78] (./parties/mainmatter/III/1/III_1.tex

[79]

[80

]
Chapitre 7.

Overfull \hbox (6.48555pt too wide) in paragraph at lines 6--7
[]\TU/lmr/m/n/12 L’intégration de l’apprentissage automatique aux processus d’a
rchivage audiovisuel,relève
 []

(./parties/mainmatter/III/1/III_1_A.tex

[81]

[82]) (./parties/mainmatter/III/1/III_1_B.tex

Package hyperref Warning: Token not allowed in a PDF string (Unicode):
(hyperref)                removing `\gls' on input line 9.



[83]

[84]) (./parties/mainmatter/III/1/III_1_C.tex)

[85]) (./parties/mainmatter/III/2/III_2.tex

[86]
Chapitre 8.
(./parties/mainmatter/III/2/III_2_A.tex

[87

]

[88]) (./parties/mainmatter/III/2/III_2_B.tex

[89])

[90]) (./parties/mainmatter/III/3/III_3.tex

[91]

[92

]
Chapitre 9.
(./parties/mainmatter/III/3/III_3_A.tex

[93]

[94]) (./parties/mainmatter/III/3/III_3_B.tex

[95]

[96]) (./parties/mainmatter/III/3/III_3_C.tex

[97]
Overfull \hbox (6.18015pt too wide) in paragraph at lines 15--16
[]\TU/lmr/m/n/12 Or, si ce processus centré sur la supervision humaine parait i
déal, il impose des contraintes
 []



[98]))

[99]
\openout2 = `parties/mainmatter/conclusion.aux'.

 (./parties/mainmatter/conclusion.tex

[100


]
Underfull \vbox (badness 1394) has occurred while \output is active []



[101]
Underfull \vbox (badness 2020) has occurred while \output is active []



[102])

[103] (./parties/backmatter/annexe.tex

[104



]

[105]

[106]
Annexe A.


[107

]

[108]
File: images/terminologie.png Graphic file (type bmp)
<images/terminologie.png>


[109]

[110]
File: images/kandinsky1.png Graphic file (type bmp)
<images/kandinsky1.png>
File: images/kandinsky2.png Graphic file (type bmp)
<images/kandinsky2.png>


[111]

[112]
File: images/vue.png Graphic file (type bmp)
<images/vue.png>


[113]

[114]
Annexe B.


[115

]


Package fancyhdr Warning: \headheight is too small (16.0pt): 
(fancyhdr)                Make it at least 25.79024pt, for example:
(fancyhdr)                \setlength{\headheight}{25.79024pt}.
(fancyhdr)                You might also make \topmargin smaller:
(fancyhdr)                \addtolength{\topmargin}{-9.79024pt}.

[116]
File: images/annexe1.png Graphic file (type bmp)
<images/annexe1.png>
File: images/annexe2.png Graphic file (type bmp)
<images/annexe2.png>


[117]
File: images/annexe3.png Graphic file (type bmp)
<images/annexe3.png>
File: images/annexe4.png Graphic file (type bmp)
<images/annexe4.png>
File: images/annexe5.png Graphic file (type bmp)
<images/annexe5.png>
)


Package fancyhdr Warning: \headheight is too small (16.0pt): 
(fancyhdr)                Make it at least 25.79024pt, for example:
(fancyhdr)                \setlength{\headheight}{25.79024pt}.
(fancyhdr)                You might also make \topmargin smaller:
(fancyhdr)                \addtolength{\topmargin}{-9.79024pt}.

[118]

[119]

[120] (./document_maitre (1).gls

Package glossaries Warning: Glossary entry `AudiovisualProcessing' has not been
 defined on input line 25.


Package glossaries Warning: Glossary entry `AudiovisualProcessing' has not been
 defined on input line 25.


Package glossaries Warning: Glossary entry `AudiovisualProcessing' has not been
 defined on input line 25.


Package glossaries Warning: Glossary entry `hil' has not been defined on input 
line 49.


Package glossaries Warning: Glossary entry `hil' has not been defined on input 
line 49.


Package glossaries Warning: Glossary entry `hil' has not been defined on input 
line 49.



[121




]) (./document_maitre (1).acr

[122])

[123


]

[124

] (./document_maitre (1).lot)
\tf@lot=\write9
\openout9 = `"document_maitre (1).lot"'.



[125]

[126

] (./document_maitre (1).lof

[127])
\tf@lof=\write10
\openout10 = `"document_maitre (1).lof"'.



[128] (./document_maitre (1).toc

[129

]

[130]

[131]

[132])
\tf@toc=\write11
\openout11 = `"document_maitre (1).toc"'.



[133] (./document_maitre (1).aux (./parties/mainmatter/conclusion.aux))
 ***********
LaTeX2e <2025-06-01> patch level 1
L3 programming layer <2025-09-02>
 ***********


LaTeX Warning: There were multiply-defined labels.

Package logreq Info: Writing requests to '"document_maitre (1)".run.xml'.
\openout1 = `"document_maitre (1).run.xml"'.

 ) 
Here is how much of TeX's memory you used:
 49905 strings out of 468389
 1047621 string characters out of 5440619
 2047439 words of memory out of 5000000
 77642 multiletter control sequences out of 15000+600000
 633333 words of font info for 90 fonts, out of 8000000 for 9000
 1348 hyphenation exceptions out of 8191
 84i,13n,101p,2504b,7256s stack positions out of 10000i,1000n,20000p,200000b,200000s

Output written on document_maitre (1).pdf (153 pages).
